Archive member included to satisfy reference by file (symbol)

/home/kai/SW4STM32/plugins/fr.ac6.mcu.externaltools.arm-none.linux64_1.15.0.201708311556/tools/compiler/bin/../lib/gcc/arm-none-eabi/6.3.1/../../../../arm-none-eabi/lib/thumb/v7-m/libc.a(lib_a-errno.o)
                              src/syscalls.o (__errno)
/home/kai/SW4STM32/plugins/fr.ac6.mcu.externaltools.arm-none.linux64_1.15.0.201708311556/tools/compiler/bin/../lib/gcc/arm-none-eabi/6.3.1/../../../../arm-none-eabi/lib/thumb/v7-m/libc.a(lib_a-exit.o)
                              /home/kai/SW4STM32/plugins/fr.ac6.mcu.externaltools.arm-none.linux64_1.15.0.201708311556/tools/compiler/bin/../lib/gcc/arm-none-eabi/6.3.1/../../../../arm-none-eabi/lib/thumb/v7-m/crt0.o (exit)
/home/kai/SW4STM32/plugins/fr.ac6.mcu.externaltools.arm-none.linux64_1.15.0.201708311556/tools/compiler/bin/../lib/gcc/arm-none-eabi/6.3.1/../../../../arm-none-eabi/lib/thumb/v7-m/libc.a(lib_a-impure.o)
                              /home/kai/SW4STM32/plugins/fr.ac6.mcu.externaltools.arm-none.linux64_1.15.0.201708311556/tools/compiler/bin/../lib/gcc/arm-none-eabi/6.3.1/../../../../arm-none-eabi/lib/thumb/v7-m/libc.a(lib_a-exit.o) (_global_impure_ptr)
/home/kai/SW4STM32/plugins/fr.ac6.mcu.externaltools.arm-none.linux64_1.15.0.201708311556/tools/compiler/bin/../lib/gcc/arm-none-eabi/6.3.1/../../../../arm-none-eabi/lib/thumb/v7-m/libc.a(lib_a-init.o)
                              /home/kai/SW4STM32/plugins/fr.ac6.mcu.externaltools.arm-none.linux64_1.15.0.201708311556/tools/compiler/bin/../lib/gcc/arm-none-eabi/6.3.1/../../../../arm-none-eabi/lib/thumb/v7-m/crt0.o (__libc_init_array)
/home/kai/SW4STM32/plugins/fr.ac6.mcu.externaltools.arm-none.linux64_1.15.0.201708311556/tools/compiler/bin/../lib/gcc/arm-none-eabi/6.3.1/../../../../arm-none-eabi/lib/thumb/v7-m/libc.a(lib_a-memset.o)
                              /home/kai/SW4STM32/plugins/fr.ac6.mcu.externaltools.arm-none.linux64_1.15.0.201708311556/tools/compiler/bin/../lib/gcc/arm-none-eabi/6.3.1/../../../../arm-none-eabi/lib/thumb/v7-m/crt0.o (memset)
/home/kai/SW4STM32/plugins/fr.ac6.mcu.externaltools.arm-none.linux64_1.15.0.201708311556/tools/compiler/bin/../lib/gcc/arm-none-eabi/6.3.1/../../../../arm-none-eabi/lib/thumb/v7-m/libc.a(lib_a-__call_atexit.o)
                              /home/kai/SW4STM32/plugins/fr.ac6.mcu.externaltools.arm-none.linux64_1.15.0.201708311556/tools/compiler/bin/../lib/gcc/arm-none-eabi/6.3.1/../../../../arm-none-eabi/lib/thumb/v7-m/libc.a(lib_a-exit.o) (__call_exitprocs)
/home/kai/SW4STM32/plugins/fr.ac6.mcu.externaltools.arm-none.linux64_1.15.0.201708311556/tools/compiler/bin/../lib/gcc/arm-none-eabi/6.3.1/../../../../arm-none-eabi/lib/thumb/v7-m/libc.a(lib_a-atexit.o)
                              /home/kai/SW4STM32/plugins/fr.ac6.mcu.externaltools.arm-none.linux64_1.15.0.201708311556/tools/compiler/bin/../lib/gcc/arm-none-eabi/6.3.1/../../../../arm-none-eabi/lib/thumb/v7-m/libc.a(lib_a-__call_atexit.o) (atexit)
/home/kai/SW4STM32/plugins/fr.ac6.mcu.externaltools.arm-none.linux64_1.15.0.201708311556/tools/compiler/bin/../lib/gcc/arm-none-eabi/6.3.1/../../../../arm-none-eabi/lib/thumb/v7-m/libc.a(lib_a-fini.o)
                              /home/kai/SW4STM32/plugins/fr.ac6.mcu.externaltools.arm-none.linux64_1.15.0.201708311556/tools/compiler/bin/../lib/gcc/arm-none-eabi/6.3.1/../../../../arm-none-eabi/lib/thumb/v7-m/libc.a(lib_a-__call_atexit.o) (__libc_fini_array)
/home/kai/SW4STM32/plugins/fr.ac6.mcu.externaltools.arm-none.linux64_1.15.0.201708311556/tools/compiler/bin/../lib/gcc/arm-none-eabi/6.3.1/../../../../arm-none-eabi/lib/thumb/v7-m/libc.a(lib_a-lock.o)
                              /home/kai/SW4STM32/plugins/fr.ac6.mcu.externaltools.arm-none.linux64_1.15.0.201708311556/tools/compiler/bin/../lib/gcc/arm-none-eabi/6.3.1/../../../../arm-none-eabi/lib/thumb/v7-m/libc.a(lib_a-__call_atexit.o) (__retarget_lock_acquire_recursive)
/home/kai/SW4STM32/plugins/fr.ac6.mcu.externaltools.arm-none.linux64_1.15.0.201708311556/tools/compiler/bin/../lib/gcc/arm-none-eabi/6.3.1/../../../../arm-none-eabi/lib/thumb/v7-m/libc.a(lib_a-__atexit.o)
                              /home/kai/SW4STM32/plugins/fr.ac6.mcu.externaltools.arm-none.linux64_1.15.0.201708311556/tools/compiler/bin/../lib/gcc/arm-none-eabi/6.3.1/../../../../arm-none-eabi/lib/thumb/v7-m/libc.a(lib_a-atexit.o) (__register_exitproc)

Allocating common symbols
Common symbol       size              file

__lock___atexit_recursive_mutex
                    0x1               /home/kai/SW4STM32/plugins/fr.ac6.mcu.externaltools.arm-none.linux64_1.15.0.201708311556/tools/compiler/bin/../lib/gcc/arm-none-eabi/6.3.1/../../../../arm-none-eabi/lib/thumb/v7-m/libc.a(lib_a-lock.o)
__lock___arc4random_mutex
                    0x1               /home/kai/SW4STM32/plugins/fr.ac6.mcu.externaltools.arm-none.linux64_1.15.0.201708311556/tools/compiler/bin/../lib/gcc/arm-none-eabi/6.3.1/../../../../arm-none-eabi/lib/thumb/v7-m/libc.a(lib_a-lock.o)
[...]
Memory Configuration

Name             Origin             Length             Attributes
FLASH            0x0000000008000000 0x0000000000020000 xr
RAM              0x0000000020000000 0x0000000000005000 xrw
*default*        0x0000000000000000 0xffffffffffffffff

Linker script and memory map

LOAD /home/kai/SW4STM32/plugins/fr.ac6.mcu.externaltools.arm-none.linux64_1.15.0.201708311556/tools/compiler/bin/../lib/gcc/arm-none-eabi/6.3.1/thumb/v7-m/crti.o
LOAD /home/kai/SW4STM32/plugins/fr.ac6.mcu.externaltools.arm-none.linux64_1.15.0.201708311556/tools/compiler/bin/../lib/gcc/arm-none-eabi/6.3.1/thumb/v7-m/crtbegin.o
LOAD /home/kai/SW4STM32/plugins/fr.ac6.mcu.externaltools.arm-none.linux64_1.15.0.201708311556/tools/compiler/bin/../lib/gcc/arm-none-eabi/6.3.1/../../../../arm-none-eabi/lib/thumb/v7-m/crt0.o
LOAD HAL_Driver/Src/stm32f1xx_hal.o
LOAD HAL_Driver/Src/stm32f1xx_hal_adc.o
LOAD HAL_Driver/Src/stm32f1xx_hal_adc_ex.o
LOAD HAL_Driver/Src/stm32f1xx_hal_can.o
LOAD HAL_Driver/Src/stm32f1xx_hal_cec.o
LOAD HAL_Driver/Src/stm32f1xx_hal_cortex.o
LOAD HAL_Driver/Src/stm32f1xx_hal_crc.o
LOAD HAL_Driver/Src/stm32f1xx_hal_dac.o
LOAD HAL_Driver/Src/stm32f1xx_hal_dac_ex.o
LOAD HAL_Driver/Src/stm32f1xx_hal_dma.o
LOAD HAL_Driver/Src/stm32f1xx_hal_eth.o
LOAD HAL_Driver/Src/stm32f1xx_hal_flash.o
LOAD HAL_Driver/Src/stm32f1xx_hal_flash_ex.o
LOAD HAL_Driver/Src/stm32f1xx_hal_gpio.o
LOAD HAL_Driver/Src/stm32f1xx_hal_gpio_ex.o
LOAD HAL_Driver/Src/stm32f1xx_hal_hcd.o
LOAD HAL_Driver/Src/stm32f1xx_hal_i2c.o
LOAD HAL_Driver/Src/stm32f1xx_hal_i2s.o
LOAD HAL_Driver/Src/stm32f1xx_hal_irda.o
LOAD HAL_Driver/Src/stm32f1xx_hal_iwdg.o
LOAD HAL_Driver/Src/stm32f1xx_hal_mmc.o
LOAD HAL_Driver/Src/stm32f1xx_hal_msp_template.o
LOAD HAL_Driver/Src/stm32f1xx_hal_nand.o
LOAD HAL_Driver/Src/stm32f1xx_hal_nor.o
LOAD HAL_Driver/Src/stm32f1xx_hal_pccard.o
LOAD HAL_Driver/Src/stm32f1xx_hal_pcd.o
LOAD HAL_Driver/Src/stm32f1xx_hal_pcd_ex.o
LOAD HAL_Driver/Src/stm32f1xx_hal_pwr.o
LOAD HAL_Driver/Src/stm32f1xx_hal_rcc.o
LOAD HAL_Driver/Src/stm32f1xx_hal_rcc_ex.o
LOAD HAL_Driver/Src/stm32f1xx_hal_rtc.o
LOAD HAL_Driver/Src/stm32f1xx_hal_rtc_ex.o
LOAD HAL_Driver/Src/stm32f1xx_hal_sd.o
LOAD HAL_Driver/Src/stm32f1xx_hal_smartcard.o
LOAD HAL_Driver/Src/stm32f1xx_hal_spi.o
LOAD HAL_Driver/Src/stm32f1xx_hal_spi_ex.o
LOAD HAL_Driver/Src/stm32f1xx_hal_sram.o
LOAD HAL_Driver/Src/stm32f1xx_hal_tim.o
LOAD HAL_Driver/Src/stm32f1xx_hal_tim_ex.o
LOAD HAL_Driver/Src/stm32f1xx_hal_uart.o
LOAD HAL_Driver/Src/stm32f1xx_hal_usart.o
LOAD HAL_Driver/Src/stm32f1xx_hal_wwdg.o
LOAD HAL_Driver/Src/stm32f1xx_ll_adc.o
LOAD HAL_Driver/Src/stm32f1xx_ll_crc.o
LOAD HAL_Driver/Src/stm32f1xx_ll_dac.o
LOAD HAL_Driver/Src/stm32f1xx_ll_dma.o
LOAD HAL_Driver/Src/stm32f1xx_ll_exti.o
LOAD HAL_Driver/Src/stm32f1xx_ll_fsmc.o
LOAD HAL_Driver/Src/stm32f1xx_ll_gpio.o
LOAD HAL_Driver/Src/stm32f1xx_ll_i2c.o
LOAD HAL_Driver/Src/stm32f1xx_ll_pwr.o
LOAD HAL_Driver/Src/stm32f1xx_ll_rcc.o
LOAD HAL_Driver/Src/stm32f1xx_ll_rtc.o
LOAD HAL_Driver/Src/stm32f1xx_ll_sdmmc.o
LOAD HAL_Driver/Src/stm32f1xx_ll_spi.o
LOAD HAL_Driver/Src/stm32f1xx_ll_tim.o
LOAD HAL_Driver/Src/stm32f1xx_ll_usart.o
LOAD HAL_Driver/Src/stm32f1xx_ll_usb.o
LOAD HAL_Driver/Src/stm32f1xx_ll_utils.o
LOAD Utilities/STM32F1xx_Nucleo/stm32f1xx_nucleo.o
LOAD src/main.o
LOAD src/stm32f1xx_it.o
LOAD src/syscalls.o
LOAD src/system_stm32f1xx.o
LOAD startup/startup_stm32f103xb.o
LOAD /home/kai/SW4STM32/plugins/fr.ac6.mcu.externaltools.arm-none.linux64_1.15.0.201708311556/tools/compiler/bin/../lib/gcc/arm-none-eabi/6.3.1/../../../../arm-none-eabi/lib/thumb/v7-m/libstdc++.a
LOAD /home/kai/SW4STM32/plugins/fr.ac6.mcu.externaltools.arm-none.linux64_1.15.0.201708311556/tools/compiler/bin/../lib/gcc/arm-none-eabi/6.3.1/../../../../arm-none-eabi/lib/thumb/v7-m/libm.a
START GROUP
LOAD /home/kai/SW4STM32/plugins/fr.ac6.mcu.externaltools.arm-none.linux64_1.15.0.201708311556/tools/compiler/bin/../lib/gcc/arm-none-eabi/6.3.1/thumb/v7-m/libgcc.a
LOAD /home/kai/SW4STM32/plugins/fr.ac6.mcu.externaltools.arm-none.linux64_1.15.0.201708311556/tools/compiler/bin/../lib/gcc/arm-none-eabi/6.3.1/../../../../arm-none-eabi/lib/thumb/v7-m/libc.a
END GROUP
LOAD /home/kai/SW4STM32/plugins/fr.ac6.mcu.externaltools.arm-none.linux64_1.15.0.201708311556/tools/compiler/bin/../lib/gcc/arm-none-eabi/6.3.1/thumb/v7-m/crtend.o
LOAD /home/kai/SW4STM32/plugins/fr.ac6.mcu.externaltools.arm-none.linux64_1.15.0.201708311556/tools/compiler/bin/../lib/gcc/arm-none-eabi/6.3.1/thumb/v7-m/crtn.o
                0x0000000020005000                _estack = 0x20005000
                0x0000000000000200                _Min_Heap_Size = 0x200
                0x0000000000000400                _Min_Stack_Size = 0x400

.isr_vector     0x0000000008000000      0x10c
                0x0000000008000000                . = ALIGN (0x4)
 *(.isr_vector)
 .isr_vector    0x0000000008000000      0x10c startup/startup_stm32f103xb.o
                0x0000000008000000                g_pfnVectors
                0x000000000800010c                . = ALIGN (0x4)

.text           0x000000000800010c      0x2f4
                0x000000000800010c                . = ALIGN (0x4)
 *(.text)
 .text          0x000000000800010c       0x6c /home/kai/SW4STM32/plugins/fr.ac6.mcu.externaltools.arm-none.linux64_1.15.0.201708311556/tools/compiler/bin/../lib/gcc/arm-none-eabi/6.3.1/thumb/v7-m/crtbegin.o
 *(.text*)
 .text.HAL_IncTick
                0x0000000008000178       0x1c HAL_Driver/Src/stm32f1xx_hal.o
                0x0000000008000178                HAL_IncTick
 .text.HAL_SYSTICK_IRQHandler
                0x0000000008000194        0xc HAL_Driver/Src/stm32f1xx_hal_cortex.o
                0x0000000008000194                HAL_SYSTICK_IRQHandler
 .text.HAL_SYSTICK_Callback
                0x00000000080001a0        0xc HAL_Driver/Src/stm32f1xx_hal_cortex.o
                0x00000000080001a0                HAL_SYSTICK_Callback
 .text.main     0x00000000080001ac        0x6 src/main.o
                0x00000000080001ac                main
 .text.SysTick_Handler
                0x00000000080001b2       0x10 src/stm32f1xx_it.o
                0x00000000080001b2                SysTick_Handler
 *fill*         0x00000000080001c2        0x2 
 .text.SystemInit
                0x00000000080001c4       0x68 src/system_stm32f1xx.o
                0x00000000080001c4                SystemInit
 .text.Reset_Handler
                0x000000000800022c       0x48 startup/startup_stm32f103xb.o
                0x000000000800022c                Reset_Handler
 .text.Default_Handler
                0x0000000008000274        0x2 startup/startup_stm32f103xb.o
                0x0000000008000274                RTC_Alarm_IRQHandler
                0x0000000008000274                EXTI2_IRQHandler
                0x0000000008000274                DebugMon_Handler
                0x0000000008000274                TIM1_CC_IRQHandler
                0x0000000008000274                HardFault_Handler
                0x0000000008000274                PVD_IRQHandler
                0x0000000008000274                PendSV_Handler
                0x0000000008000274                NMI_Handler
                0x0000000008000274                EXTI3_IRQHandler
                0x0000000008000274                EXTI0_IRQHandler
                0x0000000008000274                I2C2_EV_IRQHandler
                0x0000000008000274                UsageFault_Handler
                0x0000000008000274                ADC1_2_IRQHandler
                0x0000000008000274                SPI1_IRQHandler
                0x0000000008000274                TAMPER_IRQHandler
                0x0000000008000274                DMA1_Channel4_IRQHandler
                0x0000000008000274                USART3_IRQHandler
                0x0000000008000274                RTC_IRQHandler
                0x0000000008000274                DMA1_Channel7_IRQHandler
                0x0000000008000274                CAN1_RX1_IRQHandler
                0x0000000008000274                TIM4_IRQHandler
                0x0000000008000274                I2C1_EV_IRQHandler
                0x0000000008000274                DMA1_Channel6_IRQHandler
                0x0000000008000274                TIM3_IRQHandler
                0x0000000008000274                RCC_IRQHandler
                0x0000000008000274                TIM1_TRG_COM_IRQHandler
                0x0000000008000274                DMA1_Channel1_IRQHandler
                0x0000000008000274                Default_Handler
                0x0000000008000274                EXTI15_10_IRQHandler
                0x0000000008000274                EXTI9_5_IRQHandler
                0x0000000008000274                SPI2_IRQHandler
                0x0000000008000274                MemManage_Handler
                0x0000000008000274                SVC_Handler
                0x0000000008000274                DMA1_Channel5_IRQHandler
                0x0000000008000274                EXTI4_IRQHandler
                0x0000000008000274                USB_LP_CAN1_RX0_IRQHandler
                0x0000000008000274                USB_HP_CAN1_TX_IRQHandler
                0x0000000008000274                DMA1_Channel3_IRQHandler
                0x0000000008000274                TIM1_UP_IRQHandler
                0x0000000008000274                WWDG_IRQHandler
                0x0000000008000274                TIM2_IRQHandler
                0x0000000008000274                TIM1_BRK_IRQHandler
                0x0000000008000274                EXTI1_IRQHandler
                0x0000000008000274                USART2_IRQHandler
                0x0000000008000274                I2C2_ER_IRQHandler
                0x0000000008000274                DMA1_Channel2_IRQHandler
                0x0000000008000274                CAN1_SCE_IRQHandler
                0x0000000008000274                FLASH_IRQHandler
                0x0000000008000274                BusFault_Handler
                0x0000000008000274                USART1_IRQHandler
                0x0000000008000274                I2C1_ER_IRQHandler
                0x0000000008000274                USBWakeUp_IRQHandler
 *fill*         0x0000000008000276        0x2 
 .text.__libc_init_array
                0x0000000008000278       0x50 /home/kai/SW4STM32/plugins/fr.ac6.mcu.externaltools.arm-none.linux64_1.15.0.201708311556/tools/compiler/bin/../lib/gcc/arm-none-eabi/6.3.1/../../../../arm-none-eabi/lib/thumb/v7-m/libc.a(lib_a-init.o)
                0x0000000008000278                __libc_init_array
 .text.startup.register_fini
                0x00000000080002c8       0x14 /home/kai/SW4STM32/plugins/fr.ac6.mcu.externaltools.arm-none.linux64_1.15.0.201708311556/tools/compiler/bin/../lib/gcc/arm-none-eabi/6.3.1/../../../../arm-none-eabi/lib/thumb/v7-m/libc.a(lib_a-__call_atexit.o)
 .text.atexit   0x00000000080002dc        0xc /home/kai/SW4STM32/plugins/fr.ac6.mcu.externaltools.arm-none.linux64_1.15.0.201708311556/tools/compiler/bin/../lib/gcc/arm-none-eabi/6.3.1/../../../../arm-none-eabi/lib/thumb/v7-m/libc.a(lib_a-atexit.o)
                0x00000000080002dc                atexit
 .text.__libc_fini_array
                0x00000000080002e8       0x34 /home/kai/SW4STM32/plugins/fr.ac6.mcu.externaltools.arm-none.linux64_1.15.0.201708311556/tools/compiler/bin/../lib/gcc/arm-none-eabi/6.3.1/../../../../arm-none-eabi/lib/thumb/v7-m/libc.a(lib_a-fini.o)
                0x00000000080002e8                __libc_fini_array
 .text.__retarget_lock_acquire_recursive
                0x000000000800031c        0x4 /home/kai/SW4STM32/plugins/fr.ac6.mcu.externaltools.arm-none.linux64_1.15.0.201708311556/tools/compiler/bin/../lib/gcc/arm-none-eabi/6.3.1/../../../../arm-none-eabi/lib/thumb/v7-m/libc.a(lib_a-lock.o)
                0x000000000800031c                __retarget_lock_acquire_recursive
 .text.__retarget_lock_release_recursive
                0x0000000008000320        0x4 /home/kai/SW4STM32/plugins/fr.ac6.mcu.externaltools.arm-none.linux64_1.15.0.201708311556/tools/compiler/bin/../lib/gcc/arm-none-eabi/6.3.1/../../../../arm-none-eabi/lib/thumb/v7-m/libc.a(lib_a-lock.o)
                0x0000000008000320                __retarget_lock_release_recursive
 .text.__register_exitproc
                0x0000000008000324       0xc4 /home/kai/SW4STM32/plugins/fr.ac6.mcu.externaltools.arm-none.linux64_1.15.0.201708311556/tools/compiler/bin/../lib/gcc/arm-none-eabi/6.3.1/../../../../arm-none-eabi/lib/thumb/v7-m/libc.a(lib_a-__atexit.o)
                0x0000000008000324                __register_exitproc
 *(.glue_7)
 .glue_7        0x00000000080003e8        0x0 linker stubs
 *(.glue_7t)
 .glue_7t       0x00000000080003e8        0x0 linker stubs
 *(.eh_frame)
 .eh_frame      0x00000000080003e8        0x0 /home/kai/SW4STM32/plugins/fr.ac6.mcu.externaltools.arm-none.linux64_1.15.0.201708311556/tools/compiler/bin/../lib/gcc/arm-none-eabi/6.3.1/thumb/v7-m/crtbegin.o
 *(.init)
 .init          0x00000000080003e8        0x4 /home/kai/SW4STM32/plugins/fr.ac6.mcu.externaltools.arm-none.linux64_1.15.0.201708311556/tools/compiler/bin/../lib/gcc/arm-none-eabi/6.3.1/thumb/v7-m/crti.o
                0x00000000080003e8                _init
 .init          0x00000000080003ec        0x8 /home/kai/SW4STM32/plugins/fr.ac6.mcu.externaltools.arm-none.linux64_1.15.0.201708311556/tools/compiler/bin/../lib/gcc/arm-none-eabi/6.3.1/thumb/v7-m/crtn.o
 *(.fini)
 .fini          0x00000000080003f4        0x4 /home/kai/SW4STM32/plugins/fr.ac6.mcu.externaltools.arm-none.linux64_1.15.0.201708311556/tools/compiler/bin/../lib/gcc/arm-none-eabi/6.3.1/thumb/v7-m/crti.o
                0x00000000080003f4                _fini
 .fini          0x00000000080003f8        0x8 /home/kai/SW4STM32/plugins/fr.ac6.mcu.externaltools.arm-none.linux64_1.15.0.201708311556/tools/compiler/bin/../lib/gcc/arm-none-eabi/6.3.1/thumb/v7-m/crtn.o
                0x0000000008000400                . = ALIGN (0x4)
                0x0000000008000400                _etext = .

.vfp11_veneer   0x0000000008000400        0x0
 .vfp11_veneer  0x0000000008000400        0x0 linker stubs

.v4_bx          0x0000000008000400        0x0
 .v4_bx         0x0000000008000400        0x0 linker stubs

.iplt           0x0000000008000400        0x0
 .iplt          0x0000000008000400        0x0 /home/kai/SW4STM32/plugins/fr.ac6.mcu.externaltools.arm-none.linux64_1.15.0.201708311556/tools/compiler/bin/../lib/gcc/arm-none-eabi/6.3.1/thumb/v7-m/crtbegin.o

.rodata         0x0000000008000400        0x4
                0x0000000008000400                . = ALIGN (0x4)
 *(.rodata)
 *(.rodata*)
 .rodata._global_impure_ptr
                0x0000000008000400        0x4 /home/kai/SW4STM32/plugins/fr.ac6.mcu.externaltools.arm-none.linux64_1.15.0.201708311556/tools/compiler/bin/../lib/gcc/arm-none-eabi/6.3.1/../../../../arm-none-eabi/lib/thumb/v7-m/libc.a(lib_a-impure.o)
                0x0000000008000400                _global_impure_ptr
                0x0000000008000404                . = ALIGN (0x4)

.rel.dyn        0x0000000008000404        0x0
 .rel.iplt      0x0000000008000404        0x0 /home/kai/SW4STM32/plugins/fr.ac6.mcu.externaltools.arm-none.linux64_1.15.0.201708311556/tools/compiler/bin/../lib/gcc/arm-none-eabi/6.3.1/thumb/v7-m/crtbegin.o

.ARM.extab
 *(.ARM.extab* .gnu.linkonce.armextab.*)

.ARM            0x0000000008000404        0x0
                0x0000000008000404                __exidx_start = .
 *(.ARM.exidx*)
                0x0000000008000404                __exidx_end = .

.preinit_array  0x0000000008000404        0x0
                0x0000000008000404                PROVIDE (__preinit_array_start, .)
 *(.preinit_array*)
                0x0000000008000404                PROVIDE (__preinit_array_end, .)

.init_array     0x0000000008000404        0x8
                0x0000000008000404                PROVIDE (__init_array_start, .)
 *(SORT(.init_array.*))
 .init_array.00000
                0x0000000008000404        0x4 /home/kai/SW4STM32/plugins/fr.ac6.mcu.externaltools.arm-none.linux64_1.15.0.201708311556/tools/compiler/bin/../lib/gcc/arm-none-eabi/6.3.1/../../../../arm-none-eabi/lib/thumb/v7-m/libc.a(lib_a-__call_atexit.o)
 *(.init_array*)
 .init_array    0x0000000008000408        0x4 /home/kai/SW4STM32/plugins/fr.ac6.mcu.externaltools.arm-none.linux64_1.15.0.201708311556/tools/compiler/bin/../lib/gcc/arm-none-eabi/6.3.1/thumb/v7-m/crtbegin.o
                0x000000000800040c                PROVIDE (__init_array_end, .)

.fini_array     0x000000000800040c        0x4
                0x000000000800040c                PROVIDE (__fini_array_start, .)
 *(SORT(.fini_array.*))
 *(.fini_array*)
 .fini_array    0x000000000800040c        0x4 /home/kai/SW4STM32/plugins/fr.ac6.mcu.externaltools.arm-none.linux64_1.15.0.201708311556/tools/compiler/bin/../lib/gcc/arm-none-eabi/6.3.1/thumb/v7-m/crtbegin.o
                0x0000000008000410                PROVIDE (__fini_array_end, .)
                0x0000000008000410                _sidata = LOADADDR (.data)

.data           0x0000000020000000      0x42c load address 0x0000000008000410
                0x0000000020000000                . = ALIGN (0x4)
                0x0000000020000000                _sdata = .
 *(.data)
 *(.data*)
 .data.impure_data
                0x0000000020000000      0x428 /home/kai/SW4STM32/plugins/fr.ac6.mcu.externaltools.arm-none.linux64_1.15.0.201708311556/tools/compiler/bin/../lib/gcc/arm-none-eabi/6.3.1/../../../../arm-none-eabi/lib/thumb/v7-m/libc.a(lib_a-impure.o)
 .data.__atexit_recursive_mutex
                0x0000000020000428        0x4 /home/kai/SW4STM32/plugins/fr.ac6.mcu.externaltools.arm-none.linux64_1.15.0.201708311556/tools/compiler/bin/../lib/gcc/arm-none-eabi/6.3.1/../../../../arm-none-eabi/lib/thumb/v7-m/libc.a(lib_a-__call_atexit.o)
                0x0000000020000428                __atexit_recursive_mutex
                0x000000002000042c                . = ALIGN (0x4)
                0x000000002000042c                _edata = .

.jcr            0x000000002000042c        0x0 load address 0x000000000800083c
 .jcr           0x000000002000042c        0x0 /home/kai/SW4STM32/plugins/fr.ac6.mcu.externaltools.arm-none.linux64_1.15.0.201708311556/tools/compiler/bin/../lib/gcc/arm-none-eabi/6.3.1/thumb/v7-m/crtbegin.o

.igot.plt       0x000000002000042c        0x0 load address 0x000000000800083c
 .igot.plt      0x000000002000042c        0x0 /home/kai/SW4STM32/plugins/fr.ac6.mcu.externaltools.arm-none.linux64_1.15.0.201708311556/tools/compiler/bin/../lib/gcc/arm-none-eabi/6.3.1/thumb/v7-m/crtbegin.o
                0x000000002000042c                . = ALIGN (0x4)

.bss            0x000000002000042c       0x44 load address 0x000000000800083c
                0x000000002000042c                _sbss = .
                0x000000002000042c                __bss_start__ = _sbss
 *(.bss)
 .bss           0x000000002000042c       0x1c /home/kai/SW4STM32/plugins/fr.ac6.mcu.externaltools.arm-none.linux64_1.15.0.201708311556/tools/compiler/bin/../lib/gcc/arm-none-eabi/6.3.1/thumb/v7-m/crtbegin.o
 *(.bss*)
 *(COMMON)
 COMMON         0x0000000020000448        0x4 HAL_Driver/Src/stm32f1xx_hal.o
                0x0000000020000448                uwTick
 COMMON         0x000000002000044c       0x21 /home/kai/SW4STM32/plugins/fr.ac6.mcu.externaltools.arm-none.linux64_1.15.0.201708311556/tools/compiler/bin/../lib/gcc/arm-none-eabi/6.3.1/../../../../arm-none-eabi/lib/thumb/v7-m/libc.a(lib_a-lock.o)
                0x000000002000044c                __lock___atexit_recursive_mutex
                0x0000000020000450                __lock___arc4random_mutex
                0x0000000020000454                __lock___env_recursive_mutex
                0x0000000020000458                __lock___sinit_recursive_mutex
                0x000000002000045c                __lock___malloc_recursive_mutex
                0x0000000020000460                __lock___at_quick_exit_mutex
                0x0000000020000464                __lock___dd_hash_mutex
                0x0000000020000468                __lock___tz_mutex
                0x000000002000046c                __lock___sfp_recursive_mutex
                0x0000000020000470                . = ALIGN (0x4)
 *fill*         0x000000002000046d        0x3 
                0x0000000020000470                _ebss = .
                0x0000000020000470                __bss_end__ = _ebss

._user_heap_stack
                0x0000000020000470      0x600 load address 0x000000000800083c
                0x0000000020000470                . = ALIGN (0x8)
                0x0000000020000470                PROVIDE (end, .)
                [!provide]                        PROVIDE (_end, .)
                0x0000000020000670                . = (. + _Min_Heap_Size)
 *fill*         0x0000000020000470      0x200 
                0x0000000020000a70                . = (. + _Min_Stack_Size)
 *fill*         0x0000000020000670      0x400 
                0x0000000020000a70                . = ALIGN (0x8)

/DISCARD/
 libc.a(*)
 libm.a(*)
 libgcc.a(*)

.ARM.attributes
                0x0000000000000000       0x29
 *(.ARM.attributes)
 .ARM.attributes
                0x0000000000000000       0x1d /home/kai/SW4STM32/plugins/fr.ac6.mcu.externaltools.arm-none.linux64_1.15.0.201708311556/tools/compiler/bin/../lib/gcc/arm-none-eabi/6.3.1/thumb/v7-m/crti.o
 .ARM.attributes
                0x000000000000001d       0x2d /home/kai/SW4STM32/plugins/fr.ac6.mcu.externaltools.arm-none.linux64_1.15.0.201708311556/tools/compiler/bin/../lib/gcc/arm-none-eabi/6.3.1/thumb/v7-m/crtbegin.o
 .ARM.attributes
                0x000000000000004a       0x33 HAL_Driver/Src/stm32f1xx_hal.o
 .ARM.attributes
                0x000000000000007d       0x33 HAL_Driver/Src/stm32f1xx_hal_cortex.o
 .ARM.attributes
                0x00000000000000b0       0x33 src/main.o
 .ARM.attributes
                0x00000000000000e3       0x33 src/stm32f1xx_it.o
 .ARM.attributes
                0x0000000000000116       0x33 src/system_stm32f1xx.o
 .ARM.attributes
                0x0000000000000149       0x21 startup/startup_stm32f103xb.o
 .ARM.attributes
                0x000000000000016a       0x2d /home/kai/SW4STM32/plugins/fr.ac6.mcu.externaltools.arm-none.linux64_1.15.0.201708311556/tools/compiler/bin/../lib/gcc/arm-none-eabi/6.3.1/../../../../arm-none-eabi/lib/thumb/v7-m/libc.a(lib_a-impure.o)
 .ARM.attributes
                0x0000000000000197       0x2d /home/kai/SW4STM32/plugins/fr.ac6.mcu.externaltools.arm-none.linux64_1.15.0.201708311556/tools/compiler/bin/../lib/gcc/arm-none-eabi/6.3.1/../../../../arm-none-eabi/lib/thumb/v7-m/libc.a(lib_a-init.o)
 .ARM.attributes
                0x00000000000001c4       0x2d /home/kai/SW4STM32/plugins/fr.ac6.mcu.externaltools.arm-none.linux64_1.15.0.201708311556/tools/compiler/bin/../lib/gcc/arm-none-eabi/6.3.1/../../../../arm-none-eabi/lib/thumb/v7-m/libc.a(lib_a-__call_atexit.o)
 .ARM.attributes
                0x00000000000001f1       0x2d /home/kai/SW4STM32/plugins/fr.ac6.mcu.externaltools.arm-none.linux64_1.15.0.201708311556/tools/compiler/bin/../lib/gcc/arm-none-eabi/6.3.1/../../../../arm-none-eabi/lib/thumb/v7-m/libc.a(lib_a-atexit.o)
 .ARM.attributes
                0x000000000000021e       0x2d /home/kai/SW4STM32/plugins/fr.ac6.mcu.externaltools.arm-none.linux64_1.15.0.201708311556/tools/compiler/bin/../lib/gcc/arm-none-eabi/6.3.1/../../../../arm-none-eabi/lib/thumb/v7-m/libc.a(lib_a-fini.o)
 .ARM.attributes
                0x000000000000024b       0x2d /home/kai/SW4STM32/plugins/fr.ac6.mcu.externaltools.arm-none.linux64_1.15.0.201708311556/tools/compiler/bin/../lib/gcc/arm-none-eabi/6.3.1/../../../../arm-none-eabi/lib/thumb/v7-m/libc.a(lib_a-lock.o)
 .ARM.attributes
                0x0000000000000278       0x2d /home/kai/SW4STM32/plugins/fr.ac6.mcu.externaltools.arm-none.linux64_1.15.0.201708311556/tools/compiler/bin/../lib/gcc/arm-none-eabi/6.3.1/../../../../arm-none-eabi/lib/thumb/v7-m/libc.a(lib_a-__atexit.o)
 .ARM.attributes
                0x00000000000002a5       0x1d /home/kai/SW4STM32/plugins/fr.ac6.mcu.externaltools.arm-none.linux64_1.15.0.201708311556/tools/compiler/bin/../lib/gcc/arm-none-eabi/6.3.1/thumb/v7-m/crtn.o
OUTPUT(Temp_Sensor.elf elf32-littlearm)

.debug_info     0x0000000000000000     0x4089
 .debug_info    0x0000000000000000      0xe49 HAL_Driver/Src/stm32f1xx_hal.o
 .debug_info    0x0000000000000e49     0x1317 HAL_Driver/Src/stm32f1xx_hal_cortex.o
 .debug_info    0x0000000000002160      0x958 src/main.o
 .debug_info    0x0000000000002ab8      0x954 src/stm32f1xx_it.o
 .debug_info    0x000000000000340c      0xc18 src/system_stm32f1xx.o
 .debug_info    0x0000000000004024       0x65 startup/startup_stm32f103xb.o

.debug_abbrev   0x0000000000000000      0xbfa
 .debug_abbrev  0x0000000000000000      0x2ca HAL_Driver/Src/stm32f1xx_hal.o
 .debug_abbrev  0x00000000000002ca      0x394 HAL_Driver/Src/stm32f1xx_hal_cortex.o
 .debug_abbrev  0x000000000000065e      0x1b3 src/main.o
 .debug_abbrev  0x0000000000000811      0x1b1 src/stm32f1xx_it.o
 .debug_abbrev  0x00000000000009c2      0x226 src/system_stm32f1xx.o
 .debug_abbrev  0x0000000000000be8       0x12 startup/startup_stm32f103xb.o

.debug_aranges  0x0000000000000000      0x248
 .debug_aranges
                0x0000000000000000       0xb8 HAL_Driver/Src/stm32f1xx_hal.o
 .debug_aranges
                0x00000000000000b8      0x100 HAL_Driver/Src/stm32f1xx_hal_cortex.o
 .debug_aranges
                0x00000000000001b8       0x20 src/main.o
 .debug_aranges
                0x00000000000001d8       0x20 src/stm32f1xx_it.o
 .debug_aranges
                0x00000000000001f8       0x28 src/system_stm32f1xx.o
 .debug_aranges
                0x0000000000000220       0x28 startup/startup_stm32f103xb.o

.debug_ranges   0x0000000000000000      0x1f0
 .debug_ranges  0x0000000000000000       0xa8 HAL_Driver/Src/stm32f1xx_hal.o
 .debug_ranges  0x00000000000000a8       0xf0 HAL_Driver/Src/stm32f1xx_hal_cortex.o
 .debug_ranges  0x0000000000000198       0x10 src/main.o
 .debug_ranges  0x00000000000001a8       0x10 src/stm32f1xx_it.o
 .debug_ranges  0x00000000000001b8       0x18 src/system_stm32f1xx.o
 .debug_ranges  0x00000000000001d0       0x20 startup/startup_stm32f103xb.o

.debug_macro    0x0000000000000000    0x16196
 .debug_macro   0x0000000000000000      0x428 HAL_Driver/Src/stm32f1xx_hal.o
 .debug_macro   0x0000000000000428      0x8ce HAL_Driver/Src/stm32f1xx_hal.o
 .debug_macro   0x0000000000000cf6      0x224 HAL_Driver/Src/stm32f1xx_hal.o
 .debug_macro   0x0000000000000f1a       0x28 HAL_Driver/Src/stm32f1xx_hal.o
 .debug_macro   0x0000000000000f42       0x22 HAL_Driver/Src/stm32f1xx_hal.o
 .debug_macro   0x0000000000000f64       0x22 HAL_Driver/Src/stm32f1xx_hal.o
 .debug_macro   0x0000000000000f86       0x87 HAL_Driver/Src/stm32f1xx_hal.o
 .debug_macro   0x000000000000100d       0x51 HAL_Driver/Src/stm32f1xx_hal.o
 .debug_macro   0x000000000000105e       0xef HAL_Driver/Src/stm32f1xx_hal.o
 .debug_macro   0x000000000000114d       0x6a HAL_Driver/Src/stm32f1xx_hal.o
 .debug_macro   0x00000000000011b7      0x1df HAL_Driver/Src/stm32f1xx_hal.o
 .debug_macro   0x0000000000001396       0x34 HAL_Driver/Src/stm32f1xx_hal.o
 .debug_macro   0x00000000000013ca       0x34 HAL_Driver/Src/stm32f1xx_hal.o
 .debug_macro   0x00000000000013fe      0xb8e HAL_Driver/Src/stm32f1xx_hal.o
 .debug_macro   0x0000000000001f8c     0xe90a HAL_Driver/Src/stm32f1xx_hal.o
 .debug_macro   0x0000000000010896       0x43 HAL_Driver/Src/stm32f1xx_hal.o
 .debug_macro   0x00000000000108d9       0x58 HAL_Driver/Src/stm32f1xx_hal.o
 .debug_macro   0x0000000000010931       0x35 HAL_Driver/Src/stm32f1xx_hal.o
 .debug_macro   0x0000000000010966       0x9c HAL_Driver/Src/stm32f1xx_hal.o
 .debug_macro   0x0000000000010a02       0x16 HAL_Driver/Src/stm32f1xx_hal.o
 .debug_macro   0x0000000000010a18       0x97 HAL_Driver/Src/stm32f1xx_hal.o
 .debug_macro   0x0000000000010aaf      0x330 HAL_Driver/Src/stm32f1xx_hal.o
 .debug_macro   0x0000000000010ddf       0xfd HAL_Driver/Src/stm32f1xx_hal.o
 .debug_macro   0x0000000000010edc       0x10 HAL_Driver/Src/stm32f1xx_hal.o
 .debug_macro   0x0000000000010eec       0x58 HAL_Driver/Src/stm32f1xx_hal.o
 .debug_macro   0x0000000000010f44       0x1f HAL_Driver/Src/stm32f1xx_hal.o
 .debug_macro   0x0000000000010f63       0x43 HAL_Driver/Src/stm32f1xx_hal.o
 .debug_macro   0x0000000000010fa6       0x20 HAL_Driver/Src/stm32f1xx_hal.o
 .debug_macro   0x0000000000010fc6      0x187 HAL_Driver/Src/stm32f1xx_hal.o
 .debug_macro   0x000000000001114d       0x10 HAL_Driver/Src/stm32f1xx_hal.o
 .debug_macro   0x000000000001115d       0x1c HAL_Driver/Src/stm32f1xx_hal.o
 .debug_macro   0x0000000000011179       0x52 HAL_Driver/Src/stm32f1xx_hal.o
 .debug_macro   0x00000000000111cb       0x40 HAL_Driver/Src/stm32f1xx_hal.o
 .debug_macro   0x000000000001120b       0x10 HAL_Driver/Src/stm32f1xx_hal.o
 .debug_macro   0x000000000001121b       0x40 HAL_Driver/Src/stm32f1xx_hal.o
 .debug_macro   0x000000000001125b       0xd7 HAL_Driver/Src/stm32f1xx_hal.o
 .debug_macro   0x0000000000011332       0x16 HAL_Driver/Src/stm32f1xx_hal.o
 .debug_macro   0x0000000000011348      0x18b HAL_Driver/Src/stm32f1xx_hal.o
 .debug_macro   0x00000000000114d3       0x57 HAL_Driver/Src/stm32f1xx_hal.o
 .debug_macro   0x000000000001152a      0x5c2 HAL_Driver/Src/stm32f1xx_hal.o
 .debug_macro   0x0000000000011aec      0x28b HAL_Driver/Src/stm32f1xx_hal.o
 .debug_macro   0x0000000000011d77      0x1cb HAL_Driver/Src/stm32f1xx_hal.o
 .debug_macro   0x0000000000011f42      0x11e HAL_Driver/Src/stm32f1xx_hal.o
 .debug_macro   0x0000000000012060      0x197 HAL_Driver/Src/stm32f1xx_hal.o
 .debug_macro   0x00000000000121f7       0x27 HAL_Driver/Src/stm32f1xx_hal.o
 .debug_macro   0x000000000001221e      0x1bc HAL_Driver/Src/stm32f1xx_hal.o
 .debug_macro   0x00000000000123da       0x34 HAL_Driver/Src/stm32f1xx_hal.o
 .debug_macro   0x000000000001240e       0x3c HAL_Driver/Src/stm32f1xx_hal.o
 .debug_macro   0x000000000001244a      0x3a6 HAL_Driver/Src/stm32f1xx_hal.o
 .debug_macro   0x00000000000127f0       0x10 HAL_Driver/Src/stm32f1xx_hal.o
 .debug_macro   0x0000000000012800       0x74 HAL_Driver/Src/stm32f1xx_hal.o
 .debug_macro   0x0000000000012874       0x57 HAL_Driver/Src/stm32f1xx_hal.o
 .debug_macro   0x00000000000128cb      0x46a HAL_Driver/Src/stm32f1xx_hal.o
 .debug_macro   0x0000000000012d35      0x1b5 HAL_Driver/Src/stm32f1xx_hal.o
 .debug_macro   0x0000000000012eea       0x22 HAL_Driver/Src/stm32f1xx_hal.o
 .debug_macro   0x0000000000012f0c       0x8c HAL_Driver/Src/stm32f1xx_hal.o
 .debug_macro   0x0000000000012f98      0x242 HAL_Driver/Src/stm32f1xx_hal.o
 .debug_macro   0x00000000000131da      0x248 HAL_Driver/Src/stm32f1xx_hal.o
 .debug_macro   0x0000000000013422       0x79 HAL_Driver/Src/stm32f1xx_hal.o
 .debug_macro   0x000000000001349b      0x143 HAL_Driver/Src/stm32f1xx_hal.o
 .debug_macro   0x00000000000135de      0x1ef HAL_Driver/Src/stm32f1xx_hal.o
 .debug_macro   0x00000000000137cd       0xf2 HAL_Driver/Src/stm32f1xx_hal.o
 .debug_macro   0x00000000000138bf      0x1f4 HAL_Driver/Src/stm32f1xx_hal.o
 .debug_macro   0x0000000000013ab3      0x84c HAL_Driver/Src/stm32f1xx_hal.o
 .debug_macro   0x00000000000142ff       0x1f HAL_Driver/Src/stm32f1xx_hal.o
 .debug_macro   0x000000000001431e      0x26b HAL_Driver/Src/stm32f1xx_hal.o
 .debug_macro   0x0000000000014589      0x217 HAL_Driver/Src/stm32f1xx_hal.o
 .debug_macro   0x00000000000147a0      0x1a7 HAL_Driver/Src/stm32f1xx_hal.o
 .debug_macro   0x0000000000014947      0x2cd HAL_Driver/Src/stm32f1xx_hal.o
 .debug_macro   0x0000000000014c14       0x89 HAL_Driver/Src/stm32f1xx_hal.o
 .debug_macro   0x0000000000014c9d       0x50 HAL_Driver/Src/stm32f1xx_hal.o
 .debug_macro   0x0000000000014ced      0x26c HAL_Driver/Src/stm32f1xx_hal.o
 .debug_macro   0x0000000000014f59       0x7c HAL_Driver/Src/stm32f1xx_hal.o
 .debug_macro   0x0000000000014fd5      0x404 HAL_Driver/Src/stm32f1xx_hal_cortex.o
 .debug_macro   0x00000000000153d9      0x40d src/main.o
 .debug_macro   0x00000000000157e6      0x198 src/main.o
 .debug_macro   0x000000000001597e      0x40e src/stm32f1xx_it.o
 .debug_macro   0x0000000000015d8c      0x40a src/system_stm32f1xx.o

.debug_line     0x0000000000000000     0x31f6
 .debug_line    0x0000000000000000      0xa67 HAL_Driver/Src/stm32f1xx_hal.o
 .debug_line    0x0000000000000a67      0xb95 HAL_Driver/Src/stm32f1xx_hal_cortex.o
 .debug_line    0x00000000000015fc      0x932 src/main.o
 .debug_line    0x0000000000001f2e      0x91d src/stm32f1xx_it.o
 .debug_line    0x000000000000284b      0x92e src/system_stm32f1xx.o
 .debug_line    0x0000000000003179       0x7d startup/startup_stm32f103xb.o

.debug_str      0x0000000000000000    0x818fd
 .debug_str     0x0000000000000000    0x80a56 HAL_Driver/Src/stm32f1xx_hal.o
                                      0x80de0 (size before relaxing)
 .debug_str     0x0000000000080a56      0x31e HAL_Driver/Src/stm32f1xx_hal_cortex.o
                                      0x80e30 (size before relaxing)
 .debug_str     0x0000000000080d74      0xaf0 src/main.o
                                      0x81218 (size before relaxing)
 .debug_str     0x0000000000081864       0x38 src/stm32f1xx_it.o
                                      0x80760 (size before relaxing)
 .debug_str     0x000000000008189c       0x61 src/system_stm32f1xx.o
                                      0x8082c (size before relaxing)

.comment        0x0000000000000000       0x7f
 .comment       0x0000000000000000       0x7f HAL_Driver/Src/stm32f1xx_hal.o
                                         0x80 (size before relaxing)
 .comment       0x000000000000007f       0x80 HAL_Driver/Src/stm32f1xx_hal_cortex.o
 .comment       0x000000000000007f       0x80 src/main.o
 .comment       0x000000000000007f       0x80 src/stm32f1xx_it.o
 .comment       0x000000000000007f       0x80 src/system_stm32f1xx.o

.debug_frame    0x0000000000000000      0x92c
 .debug_frame   0x0000000000000000      0x298 HAL_Driver/Src/stm32f1xx_hal.o
 .debug_frame   0x0000000000000298      0x428 HAL_Driver/Src/stm32f1xx_hal_cortex.o
 .debug_frame   0x00000000000006c0       0x28 src/main.o
 .debug_frame   0x00000000000006e8       0x2c src/stm32f1xx_it.o
 .debug_frame   0x0000000000000714       0x58 src/system_stm32f1xx.o
 .debug_frame   0x000000000000076c       0x2c /home/kai/SW4STM32/plugins/fr.ac6.mcu.externaltools.arm-none.linux64_1.15.0.201708311556/tools/compiler/bin/../lib/gcc/arm-none-eabi/6.3.1/../../../../arm-none-eabi/lib/thumb/v7-m/libc.a(lib_a-init.o)
 .debug_frame   0x0000000000000798       0x5c /home/kai/SW4STM32/plugins/fr.ac6.mcu.externaltools.arm-none.linux64_1.15.0.201708311556/tools/compiler/bin/../lib/gcc/arm-none-eabi/6.3.1/../../../../arm-none-eabi/lib/thumb/v7-m/libc.a(lib_a-__call_atexit.o)
 .debug_frame   0x00000000000007f4       0x20 /home/kai/SW4STM32/plugins/fr.ac6.mcu.externaltools.arm-none.linux64_1.15.0.201708311556/tools/compiler/bin/../lib/gcc/arm-none-eabi/6.3.1/../../../../arm-none-eabi/lib/thumb/v7-m/libc.a(lib_a-atexit.o)
 .debug_frame   0x0000000000000814       0x34 /home/kai/SW4STM32/plugins/fr.ac6.mcu.externaltools.arm-none.linux64_1.15.0.201708311556/tools/compiler/bin/../lib/gcc/arm-none-eabi/6.3.1/../../../../arm-none-eabi/lib/thumb/v7-m/libc.a(lib_a-fini.o)
 .debug_frame   0x0000000000000848       0xb0 /home/kai/SW4STM32/plugins/fr.ac6.mcu.externaltools.arm-none.linux64_1.15.0.201708311556/tools/compiler/bin/../lib/gcc/arm-none-eabi/6.3.1/../../../../arm-none-eabi/lib/thumb/v7-m/libc.a(lib_a-lock.o)
 .debug_frame   0x00000000000008f8       0x34 /home/kai/SW4STM32/plugins/fr.ac6.mcu.externaltools.arm-none.linux64_1.15.0.201708311556/tools/compiler/bin/../lib/gcc/arm-none-eabi/6.3.1/../../../../arm-none-eabi/lib/thumb/v7-m/libc.a(lib_a-__atexit.o)
